{
  "dose": 1,
  "injected_docs": 200,
  "tokens_per_repetition": 33806,
  "injected_tokens": 33806,
  "injected_share": 0.12896,
  "filler_docs_used": 495,
  "total_tokens": 262144,
  "seq_len": 2048,
  "n_blocks": 128,
  "tokens_per_step": 16384,
  "n_steps": 16,
  "lr": 1e-05,
  "seed": 6198
}
[inject] loading amd/Instella-3B in fp32 (bf16 autocast forward)
Loading checkpoint shards:   0%|          | 0/2 [00:00<?, ?it/s]Loading checkpoint shards:  50%|█████     | 1/2 [00:00<00:00,  1.94it/s]Loading checkpoint shards: 100%|██████████| 2/2 [00:00<00:00,  3.50it/s]Loading checkpoint shards: 100%|██████████| 2/2 [00:00<00:00,  3.12it/s]
[control] PRE  injected_loss=1.2646 heldout_loss=1.3201 verbatim=0.136
/home/ubuntu/instella-reasoning/experiments/inject_pretrain.py:245: UserWarning: Converting a tensor with requires_grad=True to a scalar may lead to unexpected behavior.
Consider using tensor.detach() first. (Triggered internally at /__w/pytorch/pytorch/torch/csrc/autograd/generated/python_variable_methods.cpp:822.)
  step_loss += float(outputs.loss)
[train] step 1/16 loss=1.4735 lr=1.00e-05 tok=16,384 5,901 tok/s peak_mem=63.4GB
[train] step 11/16 loss=1.2709 lr=3.45e-06 tok=180,224 8,896 tok/s peak_mem=63.4GB
[train] step 16/16 loss=1.3463 lr=1.09e-07 tok=262,144 9,031 tok/s peak_mem=63.4GB
[control] POST injected_loss=0.9750 heldout_loss=1.1128 verbatim=0.164
{
  "dose": 1,
  "injected_docs": 200,
  "tokens_per_repetition": 33806,
  "injected_tokens": 33806,
  "injected_share": 0.12896,
  "filler_docs_used": 495,
  "total_tokens": 262144,
  "seq_len": 2048,
  "n_blocks": 128,
  "tokens_per_step": 16384,
  "n_steps": 16,
  "lr": 1e-05,
  "seed": 6198,
  "wall_clock_sec": 29.0,
  "tokens_per_sec": 9030.7,
  "peak_mem_gb": 63.38,
  "loss_first": 1.4735,
  "loss_last": 1.3463,
  "loss_min": 1.0755,
  "pre": {
    "injected_loss": 1.2646,
    "heldout_loss": 1.3201,
    "injected_verbatim": 0.1363
  },
  "post": {
    "injected_loss": 0.975,
    "heldout_loss": 1.1128,
    "injected_verbatim": 0.1638
  },
  "injected_loss_drop": 0.2896,
  "heldout_loss_drop": 0.2072,
  "positive_controls_pass": true
}
